============================================================
  Generated by:           Genus(TM) Synthesis Solution 22.17-s071_1
  Generated on:           Jan 19 2026  10:54:02 pm
  Module:                 cpu
  Operating conditions:   PVT_0P9V_125C (balanced_tree)
  Wireload mode:          enclosed
  Area mode:              timing library
============================================================


Path 1: MET (9946 ps) Setup Check with Pin datapath_inst/reg_file_x/registrador_reg[31][29]/CK->D
          Group: CLK
     Startpoint: (R) datapath_inst/ResultSrc_MEMWB_reg[1]/CK
          Clock: (R) CLK
       Endpoint: (R) datapath_inst/reg_file_x/registrador_reg[31][29]/D
          Clock: (F) CLK

                     Capture       Launch     
        Clock Edge:+   15000            0     
       Src Latency:+    1500         1500     
       Net Latency:+     900 (I)      900 (I) 
           Arrival:=   17400         2400     
                                              
             Setup:-    -704                  
       Uncertainty:-    3000                  
     Required Time:=   15104                  
      Launch Clock:-    2400                  
         Data Path:-    2758                  
             Slack:=    9946                  

#---------------------------------------------------------------------------------------------------------------------------
#                   Timing Point                     Flags   Arc   Edge   Cell     Fanout Load Trans Delay Arrival Instance 
#                                                                                         (fF)  (ps)  (ps)   (ps)  Location 
#---------------------------------------------------------------------------------------------------------------------------
  datapath_inst/ResultSrc_MEMWB_reg[1]/CK            -       -     R     (arrival)   2500    -  3000     0    2400    (-,-) 
  datapath_inst/ResultSrc_MEMWB_reg[1]/Q             -       CK->Q F     DFFRHQX1      34  9.4   244  1854    4254    (-,-) 
  datapath_inst/g26816/Y                             -       B->Y  R     NOR2BX2       32  8.0   229   243    4497    (-,-) 
  datapath_inst/g26522/Y                             -       A1->Y F     AOI222X1       2  0.7   176   254    4751    (-,-) 
  datapath_inst/g26511/Y                             -       A->Y  R     INVX1         33  6.8   176   186    4938    (-,-) 
  datapath_inst/reg_file_x/g3202/Y                   -       A->Y  R     MX2XL          1  0.3    26   220    5158    (-,-) 
  datapath_inst/reg_file_x/registrador_reg[31][29]/D <<<     -     R     DFFRHQX1       1    -     -     0    5158    (-,-) 
#---------------------------------------------------------------------------------------------------------------------------

