============================================================
  Generated by:           Genus(TM) Synthesis Solution 22.17-s071_1
  Generated on:           Jan 19 2026  10:54:03 pm
  Module:                 cpu
  Operating conditions:   PVT_0P9V_125C (balanced_tree)
  Wireload mode:          enclosed
  Area mode:              timing library
============================================================

Timing
--------

Clock  Period 
--------------
CLK   30000.0 


  Cost    Critical         Violating 
 Group   Path Slack  TNS     Paths   
-------------------------------------
CLK          9945.9   0.0          0 
default    No paths   0.0            
-------------------------------------
Total                 0.0          0 

Instance Count
--------------
Leaf Instance Count             17601 
Physical Instance count             0 
Sequential Instance Count        6563 
Combinational Instance Count    11038 
Hierarchical Instance Count         9 

Area
----
Cell Area                          70165.472
Physical Cell Area                 0.000
Total Cell Area (Cell+Physical)    70165.472
Net Area                           0.000
Total Area (Cell+Physical+Net)     70165.472

Max Fanout                         2500 (CLK)
Min Fanout                         0 (FPUControl[0])
Average Fanout                     3.4
Terms to net ratio                 4.5133
Terms to instance ratio            4.6167
Runtime                            331.76416700000004 seconds
Elapsed Runtime                    337 seconds
Genus peak memory usage            2320.20 
Innovus peak memory usage          no_value 
Hostname                           microeletronica-043
