============================================================
  Generated by:           Genus(TM) Synthesis Solution 22.17-s071_1
  Generated on:           Jan 19 2026  10:54:03 pm
  Module:                 cpu
  Operating conditions:   PVT_0P9V_125C (balanced_tree)
  Wireload mode:          enclosed
  Area mode:              timing library
============================================================

        Instance                               Module                        Cell Count  Cell Area  Net Area   Total Area   Wireload  
--------------------------------------------------------------------------------------------------------------------------------------
cpu                                                                               17601  70165.472     0.000    70165.472 <none> (D)  
  control_inst           control                                                     62     89.262     0.000       89.262 <none> (D)  
    maindec              maindec                                                     24     32.148     0.000       32.148 <none> (D)  
  datapath_inst          datapath_bits32_address_bits5_registers32                17441  69905.894     0.000    69905.894 <none> (D)  
    dmem                 data_memory_bits32                                        3639  18523.746     0.000    18523.746 <none> (D)  
    extender             sign_extender_bits32                                        37     64.638     0.000       64.638 <none> (D)  
    pc_reg               pc_reg_bits32                                                7     37.620     0.000       37.620 <none> (D)  
    reg_file_f           register_file_f_data_bits32_address_bits5_register        2528  11080.800     0.000    11080.800 <none> (D)  
    reg_file_x           register_file_data_bits32_address_bits5_registers3        3547  11645.100     0.000    11645.100 <none> (D)  
  fowarding_control_inst fowarding_control                                           46     81.396     0.000       81.396 <none> (D)  
  (D) = wireload is default in technology library
