============================================================
  Generated by:           Genus(TM) Synthesis Solution 22.17-s071_1
  Generated on:           Jan 19 2026  11:39:22 pm
  Module:                 cpu
  Operating conditions:   PVT_0P9V_125C (balanced_tree)
  Wireload mode:          enclosed
  Area mode:              timing library
============================================================

        Instance                               Module                        Cell Count  Cell Area  Net Area   Total Area   Wireload  
--------------------------------------------------------------------------------------------------------------------------------------
cpu                                                                               17107  70629.293     0.000    70629.293 <none> (D)  
  control_inst           control                                                     61     89.262     0.000       89.262 <none> (D)  
    maindec              maindec                                                     23     31.122     0.000       31.122 <none> (D)  
  datapath_inst          datapath_bits32_address_bits5_registers32                16972  70425.803     0.000    70425.803 <none> (D)  
    dmem                 data_memory_bits32                                        3640  18526.140     0.000    18526.140 <none> (D)  
    extender             sign_extender_bits32                                        37     64.638     0.000       64.638 <none> (D)  
    pc_reg               pc_reg_bits32                                                7     37.620     0.000       37.620 <none> (D)  
    reg_file_f           register_file_f_data_bits32_address_bits5_register        2496  11067.120     0.000    11067.120 <none> (D)  
    reg_file_x           register_file_data_bits32_address_bits5_registers3        2527  11296.260     0.000    11296.260 <none> (D)  
  fowarding_control_inst fowarding_control                                           74    114.228     0.000      114.228 <none> (D)  
  (D) = wireload is default in technology library
