============================================================
  Generated by:           Genus(TM) Synthesis Solution 22.17-s071_1
  Generated on:           Jan 19 2026  11:39:22 pm
  Module:                 cpu
  Operating conditions:   PVT_0P9V_125C (balanced_tree)
  Wireload mode:          enclosed
  Area mode:              timing library
============================================================

Timing
--------

Clock  Period 
--------------
CLK   10000.0 


  Cost    Critical         Violating 
 Group   Path Slack  TNS     Paths   
-------------------------------------
CLK             0.3   0.0          0 
default    No paths   0.0            
-------------------------------------
Total                 0.0          0 

Instance Count
--------------
Leaf Instance Count             17107 
Physical Instance count             0 
Sequential Instance Count        6563 
Combinational Instance Count    10544 
Hierarchical Instance Count         9 

Area
----
Cell Area                          70629.293
Physical Cell Area                 0.000
Total Cell Area (Cell+Physical)    70629.293
Net Area                           0.000
Total Area (Cell+Physical+Net)     70629.293

Max Fanout                         2500 (CLK)
Min Fanout                         0 (FPUControl[0])
Average Fanout                     3.5
Terms to net ratio                 4.6057
Terms to instance ratio            4.7150
Runtime                            334.95306800000003 seconds
Elapsed Runtime                    341 seconds
Genus peak memory usage            2310.85 
Innovus peak memory usage          no_value 
Hostname                           microeletronica-043
