============================================================
  Generated by:           Genus(TM) Synthesis Solution 22.17-s071_1
  Generated on:           Jan 19 2026  11:39:21 pm
  Module:                 cpu
  Operating conditions:   PVT_0P9V_125C (balanced_tree)
  Wireload mode:          enclosed
  Area mode:              timing library
============================================================


Path 1: MET (0 ps) Setup Check with Pin datapath_inst/fpu_result_EXMEM_reg[19]/CK->D
          Group: CLK
     Startpoint: (R) datapath_inst/rd_MEMWB_reg[2]/CK
          Clock: (R) CLK
       Endpoint: (R) datapath_inst/fpu_result_EXMEM_reg[19]/D
          Clock: (R) CLK

                     Capture       Launch     
        Clock Edge:+   10000            0     
       Src Latency:+     500          500     
       Net Latency:+     300 (I)      300 (I) 
           Arrival:=   10800          800     
                                              
             Setup:-     -86                  
       Uncertainty:-    1000                  
     Required Time:=    9886                  
      Launch Clock:-     800                  
         Data Path:-    9086                  
             Slack:=       0                  

#-------------------------------------------------------------------------------------------------------------------------------------------------------------------------------
#                                             Timing Point                                              Flags    Arc   Edge   Cell     Fanout Load Trans Delay Arrival Instance 
#                                                                                                                                             (fF)  (ps)  (ps)   (ps)  Location 
#-------------------------------------------------------------------------------------------------------------------------------------------------------------------------------
  datapath_inst/rd_MEMWB_reg[2]/CK                                                                      -       -      R     (arrival)   2500    -   800     0     800    (-,-) 
  datapath_inst/rd_MEMWB_reg[2]/Q                                                                       -       CK->Q  R     DFFRHQX1      10  3.4    84   676    1476    (-,-) 
  fowarding_control_inst/g2958/Y                                                                        -       A->Y   F     INVX1          2  0.4    34    65    1541    (-,-) 
  fowarding_control_inst/g2984/Y                                                                        -       B1->Y  F     OA22X1         1  0.7    40   149    1690    (-,-) 
  fowarding_control_inst/g2917/Y                                                                        -       A->Y   R     NOR2X2         2  0.8    45    60    1750    (-,-) 
  fowarding_control_inst/g2897/Y                                                                        -       A->Y   F     NAND2X1        1  0.3    55    71    1821    (-,-) 
  fowarding_control_inst/g2893/Y                                                                        -       B->Y   R     NOR2X1         1  0.8    65    70    1892    (-,-) 
  fowarding_control_inst/g2883/Y                                                                        -       B->Y   F     NAND2X2        1  1.4    78    83    1975    (-,-) 
  fowarding_control_inst/g2881/Y                                                                        -       B->Y   R     NOR2X4        16  7.8   114   103    2077    (-,-) 
  datapath_inst/g32257/Y                                                                                -       B->Y   F     NOR2X6        30  8.5    68    87    2164    (-,-) 
  datapath_inst/g32087/Y                                                                                -       A->Y   F     AND2X1         1  0.3    21    83    2248    (-,-) 
  datapath_inst/g31766/Y                                                                                -       B0->Y  R     AOI21X1        1  0.4    58    50    2297    (-,-) 
  datapath_inst/g31730/Y                                                                                -       B->Y   F     NAND2X1        6  2.3   159   130    2427    (-,-) 
  datapath_inst/g31708/Y                                                                                -       B->Y   R     NAND2X1        1  0.3    57   105    2532    (-,-) 
  datapath_inst/g31705/Y                                                                                -       A->Y   R     CLKAND2X2      2  1.2    30   123    2654    (-,-) 
  datapath_inst/g31690/Y                                                                                -       A->Y   F     INVX2         11  3.3    54    49    2703    (-,-) 
  datapath_inst/g31670/Y                                                                                -       B->Y   R     NOR2X1         2  0.8    65    70    2773    (-,-) 
  datapath_inst/g31621/Y                                                                                -       A1->Y  F     AOI21X1        1  0.3    69    94    2866    (-,-) 
  datapath_inst/g31607/Y                                                                                -       A->Y   F     CLKAND2X2      1  1.4    36   122    2988    (-,-) 
  datapath_inst/g31606/Y                                                                                -       B->Y   R     NOR2X4         1  3.2    65    56    3044    (-,-) 
  datapath_inst/g31605/Y                                                                                -       B->Y   F     NOR2X8        85 27.6   122    94    3138    (-,-) 
  datapath_inst/g31598/Y                                                                                -       B->Y   R     NOR2X1         1  0.4    55    96    3233    (-,-) 
  datapath_inst/g31587/Y                                                                                -       B0->Y  F     AOI21X1        5  1.4   138    64    3297    (-,-) 
  datapath_inst/g36885/Y                                                                                -       B0->Y  R     OAI2BB1X1      1  0.4    46    98    3395    (-,-) 
  datapath_inst/g31551/Y                                                                                -       S0->Y  R     MXI2XL         1  0.4    78    92    3487    (-,-) 
  datapath_inst/g31547/Y                                                                                -       B->Y   F     NAND2X1        3  1.4   114   114    3601    (-,-) 
  datapath_inst/g31535/Y                                                                                -       B0->Y  R     AOI21X1        1  0.4    61   100    3701    (-,-) 
  datapath_inst/g31531/Y                                                                                -       B0->Y  F     OAI2BB1X1      2  0.9    87   100    3801    (-,-) 
  datapath_inst/g31526/Y                                                                                -       B->Y   F     OR2X6         34  9.0    70   166    3967    (-,-) 
  datapath_inst/fpu_adder_inst_srl_55_35_g1296/Y                                                        -       A->Y   R     INVX3         43 14.0   111    95    4062    (-,-) 
  datapath_inst/g36983/Y                                                                                -       B1->Y  R     OA22X1         1  0.2    25   192    4254    (-,-) 
  datapath_inst/g36978/Y                                                                                -       B1->Y  R     OA22X1         2  0.8    37   156    4410    (-,-) 
  datapath_inst/fpu_adder_inst_srl_55_35_g1157/Y                                                        -       B->Y   F     NOR2X1         1  0.3    46    38    4448    (-,-) 
  datapath_inst/g36971/Y                                                                                -       B0->Y  R     AOI21X1        2  0.4    56    63    4511    (-,-) 
  datapath_inst/g36957/Y                                                                                -       B1->Y  R     OA22X1         2  0.6    33   169    4680    (-,-) 
  datapath_inst/fpu_adder_inst_srl_55_35_g1073/Y                                                        -       A1->Y  F     OAI22X1        1  0.3    94    94    4774    (-,-) 
  datapath_inst/g32660/Y                                                                                -       B1->Y  R     AOI22X1        4  1.2   118   115    4888    (-,-) 
  datapath_inst/g32489/Y                                                                                -       A0->Y  F     AOI21X1        3  0.8    97   147    5035    (-,-) 
  datapath_inst/g32454/Y                                                                                -       C->Y   R     NAND3X1        1  0.2    47    71    5106    (-,-) 
  datapath_inst/g32173/Y                                                                                -       B->Y   F     NAND2XL        1  0.4    79    81    5187    (-,-) 
  datapath_inst/g32419/Y                                                                                -       A0->Y  R     OAI211X1       1  0.2    68   102    5290    (-,-) 
  datapath_inst/g32056/Y                                                                                -       B->Y   R     AND2X1         1  0.4    24   150    5440    (-,-) 
  datapath_inst/g32363/Y                                                                                -       A0->Y  F     AOI21X1        1  0.3    68    79    5519    (-,-) 
  datapath_inst/g32362/Y                                                                                -       B->Y   R     NOR2X1         2  1.2    84    87    5606    (-,-) 
  datapath_inst/g32358/Y                                                                                -       B->Y   R     OR2X6         32 13.2    64   126    5732    (-,-) 
  datapath_inst/g32357/Y                                                                                -       A->Y   F     INVX2         45 14.3   197   142    5874    (-,-) 
  datapath_inst/g32312/Y                                                                                -       S0->Y  R     MXI2XL         1  0.8   117   173    6047    (-,-) 
  datapath_inst/fpu_adder_inst_sub_65_39_Y_fpu_adder_inst_sub_68_39_Y_fpu_adder_inst_add_61_35_g1109/CO -       B->CO  R     ADDFX1         1  0.4    35   237    6284    (-,-) 
  datapath_inst/fpu_adder_inst_sub_65_39_Y_fpu_adder_inst_sub_68_39_Y_fpu_adder_inst_add_61_35_g1108/Y  -       A->Y   F     INVX1          2  0.6    30    39    6323    (-,-) 
  datapath_inst/fpu_adder_inst_sub_65_39_Y_fpu_adder_inst_sub_68_39_Y_fpu_adder_inst_add_61_35_g1106/Y  -       A1->Y  R     OAI21X1        2  0.8    76    70    6393    (-,-) 
  datapath_inst/fpu_adder_inst_sub_65_39_Y_fpu_adder_inst_sub_68_39_Y_fpu_adder_inst_add_61_35_g1103/Y  -       A->Y   F     INVX1          1  0.4    32    61    6453    (-,-) 
  datapath_inst/fpu_adder_inst_sub_65_39_Y_fpu_adder_inst_sub_68_39_Y_fpu_adder_inst_add_61_35_g1101/Y  -       A1->Y  R     OAI21X1        2  0.6    67    66    6520    (-,-) 
  datapath_inst/fpu_adder_inst_sub_65_39_Y_fpu_adder_inst_sub_68_39_Y_fpu_adder_inst_add_61_35_g1099/Y  -       A1N->Y R     OAI2BB1X1      3  0.8    43   147    6666    (-,-) 
  datapath_inst/fpu_adder_inst_sub_65_39_Y_fpu_adder_inst_sub_68_39_Y_fpu_adder_inst_add_61_35_g1234/Y  -       AN->Y  R     NOR2BX1        1  0.4    48    99    6765    (-,-) 
  datapath_inst/fpu_adder_inst_sub_65_39_Y_fpu_adder_inst_sub_68_39_Y_fpu_adder_inst_add_61_35_g1096/Y  -       B->Y   F     NOR2X1         2  0.6    45    49    6814    (-,-) 
  datapath_inst/fpu_adder_inst_sub_65_39_Y_fpu_adder_inst_sub_68_39_Y_fpu_adder_inst_add_61_35_g2/Y     -       A1->Y  F     OA21X1         2  0.8    39   134    6948    (-,-) 
  datapath_inst/fpu_adder_inst_sub_65_39_Y_fpu_adder_inst_sub_68_39_Y_fpu_adder_inst_add_61_35_g1088/Y  -       A1->Y  R     OAI21X1        3  1.2    94    85    7033    (-,-) 
  datapath_inst/fpu_adder_inst_sub_65_39_Y_fpu_adder_inst_sub_68_39_Y_fpu_adder_inst_add_61_35_g1086/Y  -       A1->Y  F     AOI21X1        4  1.2   119   137    7170    (-,-) 
  datapath_inst/fpu_adder_inst_sub_65_39_Y_fpu_adder_inst_sub_68_39_Y_fpu_adder_inst_add_61_35_g1077/Y  -       C->Y   R     NOR3X1         1  0.4    83   109    7279    (-,-) 
  datapath_inst/fpu_adder_inst_sub_65_39_Y_fpu_adder_inst_sub_68_39_Y_fpu_adder_inst_add_61_35_g1073/Y  -       B->Y   F     NOR2X1         3  1.0    52    75    7355    (-,-) 
  datapath_inst/fpu_adder_inst_sub_65_39_Y_fpu_adder_inst_sub_68_39_Y_fpu_adder_inst_add_61_35_g1065/Y  -       C->Y   R     NOR3X1         1  0.4    79    76    7430    (-,-) 
  datapath_inst/fpu_adder_inst_sub_65_39_Y_fpu_adder_inst_sub_68_39_Y_fpu_adder_inst_add_61_35_g1062/Y  -       B->Y   F     NOR2X1         3  1.1    57    74    7505    (-,-) 
  datapath_inst/fpu_adder_inst_sub_65_39_Y_fpu_adder_inst_sub_68_39_Y_fpu_adder_inst_add_61_35_g1060/Y  -       B->Y   R     NOR2X1         1  0.4    48    61    7566    (-,-) 
  datapath_inst/fpu_adder_inst_sub_65_39_Y_fpu_adder_inst_sub_68_39_Y_fpu_adder_inst_add_61_35_g1057/Y  -       A1->Y  F     OAI21X1        1  0.3    67    76    7642    (-,-) 
  datapath_inst/fpu_adder_inst_sub_65_39_Y_fpu_adder_inst_sub_68_39_Y_fpu_adder_inst_add_61_35_g1055/Y  -       B->Y   R     NAND2X1        3  1.2    52    63    7705    (-,-) 
  datapath_inst/fpu_adder_inst_sub_65_39_Y_fpu_adder_inst_sub_68_39_Y_fpu_adder_inst_add_61_35_g1053/Y  -       B->Y   F     NAND2X1        2  0.5    65    73    7778    (-,-) 
  datapath_inst/fpu_adder_inst_sub_65_39_Y_fpu_adder_inst_sub_68_39_Y_fpu_adder_inst_add_61_35_g1049/Y  -       B->Y   R     NAND2X1        1  0.4    40    52    7830    (-,-) 
  datapath_inst/fpu_adder_inst_sub_65_39_Y_fpu_adder_inst_sub_68_39_Y_fpu_adder_inst_add_61_35_g1047/Y  -       B->Y   F     XNOR2X1        8  2.1    70   154    7984    (-,-) 
  datapath_inst/g21349/Y                                                                                -       C->Y   R     NOR3X1         2  0.8   107   101    8085    (-,-) 
  datapath_inst/g21345/Y                                                                                -       A->Y   F     INVX1          2  0.6    43    82    8167    (-,-) 
  datapath_inst/g21337/Y                                                                                -       B->Y   R     NOR2X1         1  0.4    46    53    8221    (-,-) 
  datapath_inst/g21316/Y                                                                                -       B->Y   F     NAND2X1        1  1.4   111    96    8317    (-,-) 
  datapath_inst/g21314/Y                                                                                -       B->Y   R     NAND2X4       26 10.2    84    92    8409    (-,-) 
  datapath_inst/g36602/Y                                                                                -       B->Y   F     NAND2X1        3  0.9    89   102    8511    (-,-) 
  datapath_inst/g36362/Y                                                                                -       A1->Y  R     AOI21X1        2  0.6    64    97    8608    (-,-) 
  datapath_inst/g36289/Y                                                                                -       A1N->Y R     AOI2BB1X1      3  1.0    73   115    8723    (-,-) 
  datapath_inst/g36200/Y                                                                                -       A1->Y  F     OAI21X1        3  0.9    99   109    8832    (-,-) 
  datapath_inst/g36169/Y                                                                                -       B->Y   R     NAND2X1        2  0.4    37    72    8904    (-,-) 
  datapath_inst/g32788/Y                                                                                -       AN->Y  R     NOR2BX1        1  0.4    56    96    9000    (-,-) 
  datapath_inst/g36148/Y                                                                                -       B0->Y  F     AOI21X1        1  0.4    78    51    9051    (-,-) 
  datapath_inst/g36134/Y                                                                                -       B->Y   R     XNOR2X1        2  0.6    31   184    9234    (-,-) 
  datapath_inst/g36088/Y                                                                                -       B->Y   F     NOR2X1         1  0.4    33    36    9270    (-,-) 
  datapath_inst/g36005/Y                                                                                -       A->Y   R     NAND2X1        2  0.4    29    38    9308    (-,-) 
  datapath_inst/g35456/Y                                                                                -       A1N->Y R     AOI2BB1X1      5  1.2    81   103    9411    (-,-) 
  datapath_inst/g36757/Y                                                                                -       AN->Y  R     NOR2BX1       23  4.6   237   223    9634    (-,-) 
  datapath_inst/g33869/Y                                                                                -       B->Y   F     NAND2XL        1  0.2    69   180    9814    (-,-) 
  datapath_inst/g33797/Y                                                                                -       B->Y   R     NAND4XL        1  0.3    60    71    9886    (-,-) 
  datapath_inst/fpu_result_EXMEM_reg[19]/D                                                              <<<     -      R     DFFRHQX1       1    -     -     0    9886    (-,-) 
#-------------------------------------------------------------------------------------------------------------------------------------------------------------------------------

