============================================================
  Generated by:           Genus(TM) Synthesis Solution 22.17-s071_1
  Generated on:           Jan 19 2026  11:21:04 pm
  Module:                 cpu
  Operating conditions:   PVT_0P9V_125C (balanced_tree)
  Wireload mode:          enclosed
  Area mode:              timing library
============================================================


Path 1: MET (2170 ps) Setup Check with Pin datapath_inst/fpu_result_EXMEM_reg[31]/CK->D
          Group: CLK
     Startpoint: (R) datapath_inst/rd_MEMWB_reg[2]/CK
          Clock: (R) CLK
       Endpoint: (R) datapath_inst/fpu_result_EXMEM_reg[31]/D
          Clock: (R) CLK

                     Capture       Launch     
        Clock Edge:+   20000            0     
       Src Latency:+    1000         1000     
       Net Latency:+     500 (I)      500 (I) 
           Arrival:=   21500         1500     
                                              
             Setup:-    -287                  
       Uncertainty:-    2000                  
     Required Time:=   19787                  
      Launch Clock:-    1500                  
         Data Path:-   16117                  
             Slack:=    2170                  

#-------------------------------------------------------------------------------------------------------------------------------------------------------------------------------
#                                             Timing Point                                              Flags    Arc   Edge   Cell     Fanout Load Trans Delay Arrival Instance 
#                                                                                                                                             (fF)  (ps)  (ps)   (ps)  Location 
#-------------------------------------------------------------------------------------------------------------------------------------------------------------------------------
  datapath_inst/rd_MEMWB_reg[2]/CK                                                                      -       -      R     (arrival)   2500    -  1500     0    1500    (-,-) 
  datapath_inst/rd_MEMWB_reg[2]/Q                                                                       -       CK->Q  R     DFFRHQX1      10  3.2    79  1032    2532    (-,-) 
  fowarding_control_inst/g2300/Y                                                                        -       A0->Y  F     OAI22XL        1  0.3   112   156    2688    (-,-) 
  fowarding_control_inst/g2294/Y                                                                        -       C0->Y  R     AOI221X1       1  0.4   105   131    2820    (-,-) 
  fowarding_control_inst/g2286/Y                                                                        -       C->Y   F     NAND4BX1       2  0.8   215   220    3040    (-,-) 
  fowarding_control_inst/g2277/Y                                                                        -       B->Y   R     NOR3BX1        2  1.2   137   211    3250    (-,-) 
  datapath_inst/g27841/Y                                                                                -       A->Y   F     INVX1          2  0.4    44    98    3348    (-,-) 
  datapath_inst/g27836/Y                                                                                -       B->Y   F     OR2X1         19  7.5   202   204    3552    (-,-) 
  datapath_inst/g27776/Y                                                                                -       A->Y   R     INVX1         14  5.6   156   187    3739    (-,-) 
  datapath_inst/g27561/Y                                                                                -       B1->Y  F     AOI222X1       2  0.6   169   179    3918    (-,-) 
  datapath_inst/g27510/Y                                                                                -       B->Y   R     NOR2X1         1  0.2    51   117    4035    (-,-) 
  datapath_inst/g27434/Y                                                                                -       B->Y   R     OR2X1         17  5.8   132   142    4177    (-,-) 
  datapath_inst/g27415/Y                                                                                -       B->Y   F     NOR2X1         2  0.7    73   101    4278    (-,-) 
  datapath_inst/g27390/Y                                                                                -       A1->Y  R     OAI211X1       1  0.2    70    91    4369    (-,-) 
  datapath_inst/g27388/Y                                                                                -       A1N->Y R     OAI2BB1X1      1  0.2    34   141    4511    (-,-) 
  datapath_inst/g27387/Y                                                                                -       A1N->Y R     OAI2BB1X1      1  0.2    34   124    4635    (-,-) 
  datapath_inst/g27386/Y                                                                                -       A1N->Y R     OAI2BB1X1      1  0.2    34   124    4760    (-,-) 
  datapath_inst/g27385/Y                                                                                -       A1->Y  F     AOI211XL       1  0.3   106   111    4871    (-,-) 
  datapath_inst/g27384/Y                                                                                -       C->Y   F     OR3X4         57 20.1   183   313    5183    (-,-) 
  datapath_inst/g27383/Y                                                                                -       A->Y   R     INVX1         15  6.0   161   181    5364    (-,-) 
  datapath_inst/g27373/Y                                                                                -       S0->Y  F     MX2X1          7  2.0    69   227    5592    (-,-) 
  datapath_inst/g27366/Y                                                                                -       B->Y   F     OR2X1          3  1.1    44   129    5721    (-,-) 
  datapath_inst/g27360/Y                                                                                -       B0->Y  R     OAI21X1        1  0.4    63    41    5762    (-,-) 
  datapath_inst/g27358/Y                                                                                -       B0->Y  F     OAI2BB1X1      2  0.7    77    95    5857    (-,-) 
  datapath_inst/g27357/Y                                                                                -       B0->Y  R     OAI21X1        1  0.4    66    59    5916    (-,-) 
  datapath_inst/g27355/Y                                                                                -       B0->Y  F     OAI2BB1X1      3  0.7    77    97    6014    (-,-) 
  datapath_inst/g27354/Y                                                                                -       B0->Y  R     OAI21X1        1  0.4    67    60    6073    (-,-) 
  datapath_inst/g27353/Y                                                                                -       B0->Y  F     OAI2BB1X1      3  0.9    88   103    6176    (-,-) 
  datapath_inst/g27348/Y                                                                                -       A1->Y  R     OAI221X1       1  0.4    98   111    6288    (-,-) 
  datapath_inst/g27347/Y                                                                                -       A->Y   F     INVX1          2  0.5    39    76    6363    (-,-) 
  datapath_inst/g27345/Y                                                                                -       D->Y   F     OR4X4         50 19.8   203   351    6714    (-,-) 
  datapath_inst/g27344/Y                                                                                -       B->Y   R     NAND2X1        3  0.6    59   133    6847    (-,-) 
  datapath_inst/g27341/Y                                                                                -       B->Y   R     AND2X2        41 16.8   202   270    7117    (-,-) 
  datapath_inst/fpu_adder_inst_srl_55_35_g1191/Y                                                        -       A->Y   F     INVX2         48 18.8   275   248    7365    (-,-) 
  datapath_inst/fpu_adder_inst_srl_51_35_g1118/Y                                                        -       A0->Y  R     AOI22X1        2  0.8   106   229    7594    (-,-) 
  datapath_inst/fpu_adder_inst_srl_51_35_g1088/Y                                                        -       A1->Y  F     OAI22X1        2  0.4   105   139    7733    (-,-) 
  datapath_inst/fpu_adder_inst_srl_51_35_g1071/Y                                                        -       B->Y   F     MX2XL          1  0.4    35   164    7897    (-,-) 
  datapath_inst/g30138/Y                                                                                -       A1->Y  R     AOI22X1        4  1.4   136   108    8005    (-,-) 
  datapath_inst/g30004/Y                                                                                -       B->Y   F     NAND2BX1       1  0.2    59   111    8116    (-,-) 
  datapath_inst/g29952/Y                                                                                -       C->Y   R     NAND3BXL       1  0.4    58    58    8174    (-,-) 
  datapath_inst/g29892/Y                                                                                -       C0->Y  F     OAI211X1       2  0.6   147   142    8316    (-,-) 
  datapath_inst/g29868/Y                                                                                -       A->Y   R     INVXL          1  0.2    38   102    8418    (-,-) 
  datapath_inst/g29816/Y                                                                                -       A1->Y  R     OA21X1         1  0.4    27   140    8558    (-,-) 
  datapath_inst/g29805/Y                                                                                -       A1->Y  F     OAI22X1        1  0.4    96    93    8651    (-,-) 
  datapath_inst/g39854/Y                                                                                -       B0->Y  R     OAI2BB1X1      1  0.4    39    74    8724    (-,-) 
  datapath_inst/g29785/Y                                                                                -       C0->Y  F     OAI211X1       1  0.3   122   119    8843    (-,-) 
  datapath_inst/g29767/Y                                                                                -       C0->Y  R     OAI211X1       1  0.4    89    88    8932    (-,-) 
  datapath_inst/g29742/Y                                                                                -       A1->Y  F     AOI21X1        1  0.2    66   104    9036    (-,-) 
  datapath_inst/g29722/Y                                                                                -       C0->Y  R     AOI211XL       1  0.4   112   109    9145    (-,-) 
  datapath_inst/g29717/Y                                                                                -       A1->Y  F     OAI22X1        1  0.2    88   136    9281    (-,-) 
  datapath_inst/g29716/Y                                                                                -       AN->Y  F     NOR2BX1        1  0.4    37    94    9375    (-,-) 
  datapath_inst/g29715/Y                                                                                -       A1->Y  R     OAI221X1       2  0.6   107    89    9464    (-,-) 
  datapath_inst/g29714/Y                                                                                -       B->Y   R     AND2X2        48 20.0   235   312    9776    (-,-) 
  datapath_inst/g29713/Y                                                                                -       A->Y   F     INVX3         48 19.2   205   218    9994    (-,-) 
  datapath_inst/g29689/Y                                                                                -       A1->Y  R     OAI22X1        1  0.4    99   165   10160    (-,-) 
  datapath_inst/fpu_adder_inst_sub_65_39_Y_fpu_adder_inst_sub_68_39_Y_fpu_adder_inst_add_61_35_g2572/Y  -       S0->Y  R     MXI2XL         1  0.6    97   124   10284    (-,-) 
  datapath_inst/fpu_adder_inst_sub_65_39_Y_fpu_adder_inst_sub_68_39_Y_fpu_adder_inst_add_61_35_g2548/CO -       CI->CO R     ADDFX1         1  0.6    39   216   10500    (-,-) 
  datapath_inst/fpu_adder_inst_sub_65_39_Y_fpu_adder_inst_sub_68_39_Y_fpu_adder_inst_add_61_35_g2547/CO -       CI->CO R     ADDFX1         1  0.6    39   186   10686    (-,-) 
  datapath_inst/fpu_adder_inst_sub_65_39_Y_fpu_adder_inst_sub_68_39_Y_fpu_adder_inst_add_61_35_g2546/CO -       CI->CO R     ADDFX1         1  0.6    39   186   10872    (-,-) 
  datapath_inst/fpu_adder_inst_sub_65_39_Y_fpu_adder_inst_sub_68_39_Y_fpu_adder_inst_add_61_35_g2545/CO -       CI->CO R     ADDFX1         1  0.6    39   186   11058    (-,-) 
  datapath_inst/fpu_adder_inst_sub_65_39_Y_fpu_adder_inst_sub_68_39_Y_fpu_adder_inst_add_61_35_g2544/CO -       CI->CO R     ADDFX1         1  0.6    39   186   11244    (-,-) 
  datapath_inst/fpu_adder_inst_sub_65_39_Y_fpu_adder_inst_sub_68_39_Y_fpu_adder_inst_add_61_35_g2543/CO -       CI->CO R     ADDFX1         1  0.6    39   186   11430    (-,-) 
  datapath_inst/fpu_adder_inst_sub_65_39_Y_fpu_adder_inst_sub_68_39_Y_fpu_adder_inst_add_61_35_g2542/CO -       CI->CO R     ADDFX1         1  0.6    39   186   11616    (-,-) 
  datapath_inst/fpu_adder_inst_sub_65_39_Y_fpu_adder_inst_sub_68_39_Y_fpu_adder_inst_add_61_35_g2541/CO -       CI->CO R     ADDFX1         1  0.6    39   186   11802    (-,-) 
  datapath_inst/fpu_adder_inst_sub_65_39_Y_fpu_adder_inst_sub_68_39_Y_fpu_adder_inst_add_61_35_g2540/CO -       CI->CO R     ADDFX1         1  0.6    39   186   11988    (-,-) 
  datapath_inst/fpu_adder_inst_sub_65_39_Y_fpu_adder_inst_sub_68_39_Y_fpu_adder_inst_add_61_35_g2539/CO -       CI->CO R     ADDFX1         1  0.6    39   186   12174    (-,-) 
  datapath_inst/fpu_adder_inst_sub_65_39_Y_fpu_adder_inst_sub_68_39_Y_fpu_adder_inst_add_61_35_g2538/CO -       CI->CO R     ADDFX1         1  0.6    39   186   12360    (-,-) 
  datapath_inst/fpu_adder_inst_sub_65_39_Y_fpu_adder_inst_sub_68_39_Y_fpu_adder_inst_add_61_35_g2537/CO -       CI->CO R     ADDFX1         1  0.6    39   186   12546    (-,-) 
  datapath_inst/fpu_adder_inst_sub_65_39_Y_fpu_adder_inst_sub_68_39_Y_fpu_adder_inst_add_61_35_g2536/CO -       CI->CO R     ADDFX1         1  0.6    39   186   12732    (-,-) 
  datapath_inst/fpu_adder_inst_sub_65_39_Y_fpu_adder_inst_sub_68_39_Y_fpu_adder_inst_add_61_35_g2535/CO -       CI->CO R     ADDFX1         1  0.6    39   186   12918    (-,-) 
  datapath_inst/fpu_adder_inst_sub_65_39_Y_fpu_adder_inst_sub_68_39_Y_fpu_adder_inst_add_61_35_g2534/CO -       CI->CO R     ADDFX1         1  0.6    39   186   13104    (-,-) 
  datapath_inst/fpu_adder_inst_sub_65_39_Y_fpu_adder_inst_sub_68_39_Y_fpu_adder_inst_add_61_35_g2533/CO -       CI->CO R     ADDFX1         1  0.6    39   186   13290    (-,-) 
  datapath_inst/fpu_adder_inst_sub_65_39_Y_fpu_adder_inst_sub_68_39_Y_fpu_adder_inst_add_61_35_g2532/CO -       CI->CO R     ADDFX1         1  0.6    39   186   13476    (-,-) 
  datapath_inst/fpu_adder_inst_sub_65_39_Y_fpu_adder_inst_sub_68_39_Y_fpu_adder_inst_add_61_35_g2531/CO -       CI->CO R     ADDFX1         1  0.6    39   186   13662    (-,-) 
  datapath_inst/fpu_adder_inst_sub_65_39_Y_fpu_adder_inst_sub_68_39_Y_fpu_adder_inst_add_61_35_g2530/CO -       CI->CO R     ADDFX1         1  0.6    39   186   13848    (-,-) 
  datapath_inst/fpu_adder_inst_sub_65_39_Y_fpu_adder_inst_sub_68_39_Y_fpu_adder_inst_add_61_35_g2529/CO -       CI->CO R     ADDFX1         1  0.6    39   186   14034    (-,-) 
  datapath_inst/fpu_adder_inst_sub_65_39_Y_fpu_adder_inst_sub_68_39_Y_fpu_adder_inst_add_61_35_g2528/CO -       CI->CO R     ADDFX1         1  0.6    39   186   14220    (-,-) 
  datapath_inst/fpu_adder_inst_sub_65_39_Y_fpu_adder_inst_sub_68_39_Y_fpu_adder_inst_add_61_35_g2527/S  -       CI->S  F     ADDFX1         7  1.8    72   286   14506    (-,-) 
  datapath_inst/g22412/Y                                                                                -       A->Y   R     INVX1          2  0.4    28    54   14560    (-,-) 
  datapath_inst/g22400/Y                                                                                -       C->Y   F     NAND3BXL       3  1.1   244   170   14730    (-,-) 
  datapath_inst/g22367/Y                                                                                -       A1->Y  R     OAI22X1        1  0.2    95   182   14911    (-,-) 
  datapath_inst/g22366/Y                                                                                -       B->Y   R     OR2X1         27 10.6   231   218   15130    (-,-) 
  datapath_inst/g39650/Y                                                                                -       B->Y   F     NAND2X1        3  0.8    98   180   15310    (-,-) 
  datapath_inst/g39393/Y                                                                                -       A1->Y  F     AO21XL         2  0.6    44   146   15456    (-,-) 
  datapath_inst/g39327/Y                                                                                -       A1->Y  R     AOI21X1        3  0.6    64    74   15529    (-,-) 
  datapath_inst/g39287/Y                                                                                -       AN->Y  R     NAND2BXL       1  0.4    42    80   15609    (-,-) 
  datapath_inst/g39265/Y                                                                                -       B->Y   F     NAND2X1        3  1.0    90    82   15691    (-,-) 
  datapath_inst/g39249/Y                                                                                -       B->Y   R     XNOR2X1        1  0.4    27   186   15878    (-,-) 
  datapath_inst/g39229/Y                                                                                -       A1->Y  F     AOI21X1        1  0.4    77    76   15953    (-,-) 
  datapath_inst/g39212/Y                                                                                -       B->Y   R     XNOR2X1        2  0.6    31   184   16137    (-,-) 
  datapath_inst/g37074/Y                                                                                -       BN->Y  R     NOR4BBX1       1  0.2   107   170   16307    (-,-) 
  datapath_inst/g37068/Y                                                                                -       D->Y   F     NAND4XL        1  0.3   199   183   16490    (-,-) 
  datapath_inst/g37066/Y                                                                                -       B->Y   R     NOR2X1         2  0.8    80   148   16638    (-,-) 
  datapath_inst/g37062/Y                                                                                -       B->Y   F     NOR2X1         1  0.2    47    63   16701    (-,-) 
  datapath_inst/g37025/Y                                                                                -       B->Y   F     AND2X1        11  3.7   105   124   16825    (-,-) 
  datapath_inst/g37016/Y                                                                                -       A->Y   R     NOR2X1         1  0.4    48    95   16919    (-,-) 
  datapath_inst/g36934/Y                                                                                -       A2->Y  F     OAI31X1        2  0.6    99    89   17008    (-,-) 
  datapath_inst/g36888/Y                                                                                -       D->Y   F     OR4X1          1  0.4    45   241   17249    (-,-) 
  datapath_inst/g36837/Y                                                                                -       A2->Y  R     OAI32X1        1  0.4   142   108   17358    (-,-) 
  datapath_inst/g36800/Y                                                                                -       B1->Y  F     AOI222X1       1  0.3   146   163   17521    (-,-) 
  datapath_inst/g36799/Y                                                                                -       B->Y   R     NAND2X1        1  0.2    41    96   17617    (-,-) 
  datapath_inst/fpu_result_EXMEM_reg[31]/D                                                              <<<     -      R     DFFRX1         1    -     -     0   17617    (-,-) 
#-------------------------------------------------------------------------------------------------------------------------------------------------------------------------------

