============================================================
  Generated by:           Genus(TM) Synthesis Solution 22.17-s071_1
  Generated on:           Jan 19 2026  11:21:05 pm
  Module:                 cpu
  Operating conditions:   PVT_0P9V_125C (balanced_tree)
  Wireload mode:          enclosed
  Area mode:              timing library
============================================================

Timing
--------

Clock  Period 
--------------
CLK   20000.0 


  Cost    Critical         Violating 
 Group   Path Slack  TNS     Paths   
-------------------------------------
CLK          2169.9   0.0          0 
default    No paths   0.0            
-------------------------------------
Total                 0.0          0 

Instance Count
--------------
Leaf Instance Count             16462 
Physical Instance count             0 
Sequential Instance Count        6563 
Combinational Instance Count     9899 
Hierarchical Instance Count         9 

Area
----
Cell Area                          69781.406
Physical Cell Area                 0.000
Total Cell Area (Cell+Physical)    69781.406
Net Area                           0.000
Total Area (Cell+Physical+Net)     69781.406

Max Fanout                         2500 (CLK)
Min Fanout                         0 (FPUControl[0])
Average Fanout                     3.6
Terms to net ratio                 4.6867
Terms to instance ratio            4.7941
Runtime                            325.84026399999993 seconds
Elapsed Runtime                    331 seconds
Genus peak memory usage            2303.25 
Innovus peak memory usage          no_value 
Hostname                           microeletronica-043
