============================================================
  Generated by:           Genus(TM) Synthesis Solution 22.17-s071_1
  Generated on:           Jan 19 2026  11:21:05 pm
  Module:                 cpu
  Operating conditions:   PVT_0P9V_125C (balanced_tree)
  Wireload mode:          enclosed
  Area mode:              timing library
============================================================

        Instance                               Module                        Cell Count  Cell Area  Net Area   Total Area   Wireload  
--------------------------------------------------------------------------------------------------------------------------------------
cpu                                                                               16462  69781.406     0.000    69781.406 <none> (D)  
  control_inst           control                                                     62     89.604     0.000       89.604 <none> (D)  
    maindec              maindec                                                     24     32.148     0.000       32.148 <none> (D)  
  datapath_inst          datapath_bits32_address_bits5_registers32                16301  69521.828     0.000    69521.828 <none> (D)  
    dmem                 data_memory_bits32                                        3639  18523.746     0.000    18523.746 <none> (D)  
    extender             sign_extender_bits32                                        37     64.638     0.000       64.638 <none> (D)  
    pc_reg               pc_reg_bits32                                                7     37.620     0.000       37.620 <none> (D)  
    reg_file_f           register_file_f_data_bits32_address_bits5_register        2493  11056.860     0.000    11056.860 <none> (D)  
    reg_file_x           register_file_data_bits32_address_bits5_registers3        2525  11294.550     0.000    11294.550 <none> (D)  
  fowarding_control_inst fowarding_control                                           47     81.054     0.000       81.054 <none> (D)  
  (D) = wireload is default in technology library
